
> internship_management_system@0.1.0 build
> next build

▲ Next.js 16.2.4 (Turbopack)
- Environments: .env
- Experiments (use with caution):
  · serverActions

  Creating an optimized production build ...
✓ Compiled successfully in 3.3s
  Running TypeScript ...
  Finished TypeScript in 2.7s ...
  Collecting page data using 7 workers ...
  Generating static pages using 7 workers (0/13) ...
  Generating static pages using 7 workers (3/13) 
  Generating static pages using 7 workers (6/13) 
  Generating static pages using 7 workers (9/13) 
✓ Generating static pages using 7 workers (13/13) in 127ms
  Finalizing page optimization ...

Route (app)
┌ ○ /
├ ○ /_not-found
├ ƒ /intern/admin/students
├ ƒ /intern/admin/students/[id]
├ ƒ /intern/admins
├ ƒ /intern/api/auth/callback
├ ƒ /intern/auth/cmu
├ ƒ /intern/auth/cmu/callback
├ ƒ /intern/dashboard
├ ƒ /intern/form
├ ƒ /intern/overview
└ ƒ /login


ƒ Proxy (Middleware)

○  (Static)   prerendered as static content
ƒ  (Dynamic)  server-rendered on demand

