
> internship_management_system@0.1.0 build
> next build

▲ Next.js 16.2.4 (Turbopack)
- Environments: .env

  Creating an optimized production build ...
✓ Compiled successfully in 1486ms
  Running TypeScript ...
  Finished TypeScript in 1461ms ...
  Collecting page data using 7 workers ...
  Generating static pages using 7 workers (0/7) ...
  Generating static pages using 7 workers (1/7) 
  Generating static pages using 7 workers (3/7) 
  Generating static pages using 7 workers (5/7) 
✓ Generating static pages using 7 workers (7/7) in 126ms
  Finalizing page optimization ...

Route (app)
┌ ○ /
├ ○ /_not-found
├ ƒ /intern/auth/cmu
├ ƒ /intern/auth/cmu/callback
└ ƒ /login


ƒ Proxy (Middleware)

○  (Static)   prerendered as static content
ƒ  (Dynamic)  server-rendered on demand

